╔══════════════════════════════════════════════════════════════╗
║         LOCAL WEBSITE TEST REPORT - FINAL VERIFICATION       ║
╚══════════════════════════════════════════════════════════════╝

✅ SERVER STATUS: RUNNING SUCCESSFULLY
   - Express server on port 3000
   - All routes configured correctly

✅ FILE STRUCTURE: ORGANIZED
   - image_assets/      : 15 images (31MB total)
   - testing_scripts/   : 5 test scripts  
   - uploads/           : User uploads directory
   - 7 HTML pages       : All present
   - server.js          : Fully functional
   - Database files     : achievements.json, championship-registrations.json

✅ HTML PAGES: ALL SERVING
   - index.html                    : 200 OK
   - register.html                 : 200 OK
   - member-dashboard.html         : 200 OK
   - member-achievements.html      : 200 OK
   - add-achievement.html          : 200 OK
   - add-news-article.html         : 200 OK
   - championship-registration.html: 200 OK

✅ IMAGES: ALL ACCESSIBLE
   - Tiger.png                     : 200 OK (PNG, 2048x2048)
   - ShotokanRoars.png             : 200 OK (PNG, 1920x1080)
   - kai.jpg                       : 200 OK (JPEG, 400x400)
   - maya.jpg                      : 200 OK (JPEG, 400x400)
   - team.jpg                      : 200 OK (JPEG, 400x400)
   - championship.jpg              : 200 OK
   - All Gemini images             : Accessible

✅ API ENDPOINTS: WORKING
   - GET /api/achievements         : 200 OK (11 records)
   - GET /api/championship-registrations: 200 OK (0 records)
   - POST /api/championship-registration: Ready
   - POST /submit-achievement      : Ready

✅ DATABASE: CONNECTED
   - achievements.json             : 133 lines, 11 achievements
   - championship-registrations.json: Empty, ready for submissions
   - All image paths updated       : /image_assets/ (not /public/)

✅ ACHIEVEMENT IMAGE PATHS (Sample):
   - Kai Johnson: /image_assets/kai.jpg
   - Maya Chen: /image_assets/maya.jpg
   - Team Kata: /image_assets/team.jpg

✅ SERVER ROUTES CONFIGURED:
   - Static file serving: /image_assets/, /uploads/
   - Explicit HTML routes for all pages
   - API routes for achievements and registrations
   - Multer configured for file uploads

╔══════════════════════════════════════════════════════════════╗
║              ✓ ALL TESTS PASSED - SITE IS READY              ║
╚══════════════════════════════════════════════════════════════╝
